C51 COMPILER V9.60.7.0   MAIN                                                              06/26/2025 22:45:54 PAGE 1   


C51 COMPILER V9.60.7.0, COMPILATION OF MODULE MAIN
OBJECT MODULE PLACED IN .\Objects\main.obj
COMPILER INVOKED BY: D:\C51\BIN\C51.EXE main.c OPTIMIZE(8,SPEED) BROWSE DEBUG OBJECTEXTEND PRINT(.\Listings\main.lst) TA
                    -BS(2) OBJECT(.\Objects\main.obj)

line level    source

   1          #include <REGX51.H>
   2          unsigned char duty = 2;
   3          unsigned char count =0;
   4          void timer0_init(){
   5   1        TMOD = 0x04;
   6   1        TH0 =   6;
   7   1        TL0 = 6;
   8   1        EA = 1;
   9   1        ET0 = 1;
  10   1        TR0 = 1;
  11   1        
  12   1      }
  13          void timer0_ISR(void) interrupt 1{
  14   1          count++;
  15   1        if( count < duty ){
  16   2          P1_0 = 1;
  17   2         }
  18   1        else{
  19   2          P1_0 = 0;
  20   2        }
  21   1        if (count >= 4){
  22   2              count = 0;
  23   2        }
  24   1      }
  25          void main(){
  26   1        P1_0 = 0;
  27   1       timer0_init();
  28   1        while(1){
  29   2        
  30   2        }
  31   1          
  32   1      }
  33            


MODULE INFORMATION:   STATIC OVERLAYABLE
   CODE SIZE        =     57    ----
   CONSTANT SIZE    =   ----    ----
   XDATA SIZE       =   ----    ----
   PDATA SIZE       =   ----    ----
   DATA SIZE        =      2    ----
   IDATA SIZE       =   ----    ----
   BIT SIZE         =   ----    ----
END OF MODULE INFORMATION.


C51 COMPILATION COMPLETE.  0 WARNING(S),  0 ERROR(S)
